
> backend@0.0.1 pretest
> node scripts/test-prompt.js


ÔÜá´©Å  WARNING: Running tests will CLEAR ALL DATA from the database!

Do you want to continue? (y/n): 
Ô£ô Starting tests...


> backend@0.0.1 test
> jest --runInBand --detectOpenHandles

node.exe : PASS src/app.controller.spec.ts
Au caractère C:\Users\Miyuyu\Desktop\Mieru\03-Tools\Applications\nodejs\npm.ps1:26 : 12
+   $input | & $NODE_EXE $NPM_CLI_JS $args
+            ~~~~~~~~~~~~~~~~~~~~~~~~~~~~~
    + CategoryInfo          : NotSpecified: (PASS src/app.controller.spec.ts:String) [], RemoteException
    + FullyQualifiedErrorId : NativeCommandError
 
  ÔùÅ Console

    console.log
      [dotenv@17.2.3] injecting env (3) from .env -- tip: ÔÜÖ´©Å  suppress all logs with { quiet: true }

      at _log (../../node_modules/dotenv/lib/main.js:142:11)

FAIL src/modules/session/session.integration.spec.ts
  ÔùÅ Test suite failed to run

    [96msrc/common/types/session-dto.ts[0m:[93m44[0m:[93m3[0m - [91merror[0m[90m TS2561: [0mObject literal may only specify 
known properties, but 'currentQuestionIndex' does not exist in type 'SessionDto'. Did you mean to write 'currentSessionIndex'?

    [7m44[0m   currentQuestionIndex: entity.currentQuestionIndex,
    [7m  [0m [91m  ~~~~~~~~~~~~~~~~~~~~[0m

FAIL src/modules/quiz/quiz.integration.spec.ts
  ÔùÅ Test suite failed to run

    [96msrc/common/types/session-dto.ts[0m:[93m44[0m:[93m3[0m - [91merror[0m[90m TS2561: [0mObject literal may only specify 
known properties, but 'currentQuestionIndex' does not exist in type 'SessionDto'. Did you mean to write 'currentSessionIndex'?

    [7m44[0m   currentQuestionIndex: entity.currentQuestionIndex,
    [7m  [0m [91m  ~~~~~~~~~~~~~~~~~~~~[0m

FAIL src/modules/auth/auth.integration.spec.ts
  ÔùÅ Test suite failed to run

    [96msrc/common/types/session-dto.ts[0m:[93m44[0m:[93m3[0m - [91merror[0m[90m TS2561: [0mObject literal may only specify 
known properties, but 'currentQuestionIndex' does not exist in type 'SessionDto'. Did you mean to write 'currentSessionIndex'?

    [7m44[0m   currentQuestionIndex: entity.currentQuestionIndex,
    [7m  [0m [91m  ~~~~~~~~~~~~~~~~~~~~[0m

Test Suites: 3 failed, 1 passed, 4 total
Tests:       1 passed, 1 total
Snapshots:   0 total
Time:        9.514 s
Ran all test suites.
npm error Lifecycle script `test` failed with error:
npm error code 1
npm error path C:\Users\Miyuyu\Desktop\Mieru\06-Worky\YNOV\M1\Web Full Stack\Quiz\real-time-quizz\backend
npm error workspace backend@0.0.1
npm error location C:\Users\Miyuyu\Desktop\Mieru\06-Worky\YNOV\M1\Web Full Stack\Quiz\real-time-quizz\backend
npm error command failed
npm error command C:\Windows\system32\cmd.exe /d /s /c jest --runInBand --detectOpenHandles
